> Task :apps:loadKtlintReporters SKIPPED
> Task :apps:runKtlintCheckOverKotlinScripts SKIPPED
> Task :apps:ktlintKotlinScriptCheck SKIPPED
> Task :apps:runKtlintCheckOverMainSourceSet SKIPPED
> Task :apps:ktlintMainSourceSetCheck SKIPPED
> Task :apps:runKtlintCheckOverTestSourceSet SKIPPED
> Task :apps:ktlintTestSourceSetCheck SKIPPED
> Task :apps:ktlintCheck SKIPPED
> Task :modules:loadKtlintReporters SKIPPED
> Task :modules:runKtlintCheckOverKotlinScripts SKIPPED
> Task :modules:ktlintKotlinScriptCheck SKIPPED
> Task :modules:runKtlintCheckOverMainSourceSet SKIPPED
> Task :modules:ktlintMainSourceSetCheck SKIPPED
> Task :modules:runKtlintCheckOverTestSourceSet SKIPPED
> Task :modules:ktlintTestSourceSetCheck SKIPPED
> Task :modules:ktlintCheck SKIPPED
> Task :supports:loadKtlintReporters SKIPPED
> Task :supports:runKtlintCheckOverKotlinScripts SKIPPED
> Task :supports:ktlintKotlinScriptCheck SKIPPED
> Task :supports:runKtlintCheckOverMainSourceSet SKIPPED
> Task :supports:ktlintMainSourceSetCheck SKIPPED
> Task :supports:runKtlintCheckOverTestSourceSet SKIPPED
> Task :supports:ktlintTestSourceSetCheck SKIPPED
> Task :supports:ktlintCheck SKIPPED
> Task :apps:commerce-api:loadKtlintReporters UP-TO-DATE
> Task :apps:commerce-api:runKtlintCheckOverKotlinScripts UP-TO-DATE
> Task :apps:commerce-api:ktlintKotlinScriptCheck UP-TO-DATE
> Task :apps:commerce-api:runKtlintCheckOverMainSourceSet UP-TO-DATE
> Task :apps:commerce-api:ktlintMainSourceSetCheck UP-TO-DATE
> Task :apps:commerce-api:runKtlintCheckOverTestSourceSet UP-TO-DATE
> Task :apps:commerce-api:ktlintTestSourceSetCheck UP-TO-DATE
> Task :apps:commerce-api:ktlintCheck UP-TO-DATE
> Task :apps:commerce-batch:loadKtlintReporters UP-TO-DATE
> Task :apps:commerce-batch:runKtlintCheckOverKotlinScripts UP-TO-DATE
> Task :apps:commerce-batch:ktlintKotlinScriptCheck UP-TO-DATE
> Task :apps:commerce-batch:runKtlintCheckOverMainSourceSet UP-TO-DATE
> Task :apps:commerce-batch:ktlintMainSourceSetCheck UP-TO-DATE
> Task :apps:commerce-batch:runKtlintCheckOverTestSourceSet UP-TO-DATE
> Task :apps:commerce-batch:ktlintTestSourceSetCheck UP-TO-DATE
> Task :apps:commerce-batch:ktlintCheck UP-TO-DATE
> Task :apps:commerce-streamer:loadKtlintReporters UP-TO-DATE
> Task :apps:commerce-streamer:runKtlintCheckOverKotlinScripts UP-TO-DATE
> Task :apps:commerce-streamer:ktlintKotlinScriptCheck UP-TO-DATE
> Task :apps:commerce-streamer:runKtlintCheckOverMainSourceSet UP-TO-DATE
> Task :apps:commerce-streamer:ktlintMainSourceSetCheck UP-TO-DATE
> Task :apps:commerce-streamer:runKtlintCheckOverTestSourceSet NO-SOURCE
> Task :apps:commerce-streamer:ktlintTestSourceSetCheck SKIPPED
> Task :apps:commerce-streamer:ktlintCheck UP-TO-DATE
> Task :modules:jpa:loadKtlintReporters UP-TO-DATE
> Task :modules:jpa:runKtlintCheckOverKotlinScripts UP-TO-DATE
> Task :modules:jpa:ktlintKotlinScriptCheck UP-TO-DATE
> Task :modules:jpa:runKtlintCheckOverMainSourceSet UP-TO-DATE
> Task :modules:jpa:ktlintMainSourceSetCheck UP-TO-DATE
> Task :modules:jpa:runKtlintCheckOverTestFixturesSourceSet UP-TO-DATE
> Task :modules:jpa:ktlintTestFixturesSourceSetCheck UP-TO-DATE
> Task :modules:jpa:runKtlintCheckOverTestSourceSet NO-SOURCE
> Task :modules:jpa:ktlintTestSourceSetCheck SKIPPED
> Task :modules:jpa:ktlintCheck UP-TO-DATE
> Task :modules:kafka:loadKtlintReporters UP-TO-DATE
> Task :modules:kafka:runKtlintCheckOverKotlinScripts UP-TO-DATE
> Task :modules:kafka:ktlintKotlinScriptCheck UP-TO-DATE
> Task :modules:kafka:runKtlintCheckOverMainSourceSet UP-TO-DATE
> Task :modules:kafka:ktlintMainSourceSetCheck UP-TO-DATE
> Task :modules:kafka:runKtlintCheckOverTestFixturesSourceSet NO-SOURCE
> Task :modules:kafka:ktlintTestFixturesSourceSetCheck SKIPPED
> Task :modules:kafka:runKtlintCheckOverTestSourceSet NO-SOURCE
> Task :modules:kafka:ktlintTestSourceSetCheck SKIPPED
> Task :modules:kafka:ktlintCheck UP-TO-DATE
> Task :modules:redis:loadKtlintReporters UP-TO-DATE
> Task :modules:redis:runKtlintCheckOverKotlinScripts UP-TO-DATE
> Task :modules:redis:ktlintKotlinScriptCheck UP-TO-DATE
> Task :modules:redis:runKtlintCheckOverMainSourceSet UP-TO-DATE
> Task :modules:redis:ktlintMainSourceSetCheck UP-TO-DATE
> Task :modules:redis:runKtlintCheckOverTestFixturesSourceSet UP-TO-DATE
> Task :modules:redis:ktlintTestFixturesSourceSetCheck UP-TO-DATE
> Task :modules:redis:runKtlintCheckOverTestSourceSet NO-SOURCE
> Task :modules:redis:ktlintTestSourceSetCheck SKIPPED
> Task :modules:redis:ktlintCheck UP-TO-DATE
> Task :supports:jackson:loadKtlintReporters UP-TO-DATE
> Task :supports:jackson:runKtlintCheckOverKotlinScripts UP-TO-DATE
> Task :supports:jackson:ktlintKotlinScriptCheck UP-TO-DATE
> Task :supports:jackson:runKtlintCheckOverMainSourceSet UP-TO-DATE
> Task :supports:jackson:ktlintMainSourceSetCheck UP-TO-DATE
> Task :supports:jackson:runKtlintCheckOverTestSourceSet NO-SOURCE
> Task :supports:jackson:ktlintTestSourceSetCheck SKIPPED
> Task :supports:jackson:ktlintCheck UP-TO-DATE
> Task :supports:logging:loadKtlintReporters UP-TO-DATE
> Task :supports:logging:runKtlintCheckOverKotlinScripts UP-TO-DATE
> Task :supports:logging:ktlintKotlinScriptCheck UP-TO-DATE
> Task :supports:logging:runKtlintCheckOverMainSourceSet NO-SOURCE
> Task :supports:logging:ktlintMainSourceSetCheck SKIPPED
> Task :supports:logging:runKtlintCheckOverTestSourceSet NO-SOURCE
> Task :supports:logging:ktlintTestSourceSetCheck SKIPPED
> Task :supports:logging:ktlintCheck UP-TO-DATE
> Task :supports:monitoring:loadKtlintReporters UP-TO-DATE
> Task :supports:monitoring:runKtlintCheckOverKotlinScripts UP-TO-DATE
> Task :supports:monitoring:ktlintKotlinScriptCheck UP-TO-DATE
> Task :supports:monitoring:runKtlintCheckOverMainSourceSet NO-SOURCE
> Task :supports:monitoring:ktlintMainSourceSetCheck SKIPPED
> Task :supports:monitoring:runKtlintCheckOverTestSourceSet NO-SOURCE
> Task :supports:monitoring:ktlintTestSourceSetCheck SKIPPED
> Task :supports:monitoring:ktlintCheck UP-TO-DATE

BUILD SUCCESSFUL in 1s
49 actionable tasks: 49 up-to-date
